Invalid design in file 'Wasp LAM WSP-110.mtf': Design is overweight by 3.00 tons
Unable to convert data from 'Uni ATAE-70 ArtilleryMech.mtf': Unexpected number of criticals for split component: ISThumper

--------------------------------------------------
Unrecognized Components:

--------------------------------------------------
Mechs without Battle Value:
Rhino - unknown battle value
Tessen TSN-X4R 'Rapunzel' - unknown battle value

--------------------------------------------------
Units without Roles:
Fwltur FWL-3R SalvageMech
Fwltur FWL-3V SalvageMech
Beowulf C
Tomahawk C
Man O' War (Gargoyle) X
Atlas AS7-D-HT
Ti Ts'ang TSG-9 'China Doll'
Legionnaire LGN-2D (Raul)
Mad Cat III 2
Mad Cat III (Dark Age RS)
Ryoken II (Tassa)
Ti Ts'ang Jason
Mackie MSK-9HKR 'Kill-Roy's Little Buddy'
Drift Shag
Fox
Masauwu
Minsk
Naja
Redback
Storm Giant
Vision Quest
Rock Hound ProspectorMech AM-PRM-RH7 'Rock Possum'
Rock Hound ProspectorMech AM-PRM-RH7
Rock Hound ProspectorMech AM-PRM-RH7A 'Rock Otter'
Space Hound ProspectorMech AM-PRM-SH1
Thunderbolt TDR-5L
Thunderbolt TDR-5LS
Dragoon AEM-02
Dragoon AEM-03
Dragoon AEM-04
Burrower DTM-1 MiningMech
Demeter WLD-1 AgroMech
Exo HaulerMech HMX-1
Exo HaulerMech HMX-2
Exo HaulerMech HMX-3
Exo HaulerMech HMX-3M
Harvester HVR-199 AgroMech
Heavy Forester HFL-1 LoggerMech
MuckRaker GMMM-2 MiningMech
Opossum SalvageMech OPO-2
St. Florian FLN-366 FireMech
StrongArm SC CV ConstructionMech
StrongArm SC CVI ConstructionMech
Arana MilitiaMech ARA-S-1
Reptar MilitiaMech EPT-C-1
Bull Shark BSK-M3
Bull Shark BSK-MAZ
Corsair COR-5R
Corsair COR-5T
Corsair COR-6R
Corsair COR-7A
Corsair COR-7R
Corsair COR-BR Broadside
Corsair COR-RA Ravager
Roughneck RGH-1A
Roughneck RGH-1B
Roughneck RGH-1C
Roughneck RGH-2A
Roughneck RGH-3A
Roughneck RGH-PH Powerhouse
Roughneck RGH-R Reaver
Sun Spider A
Sun Spider B
Sun Spider C
Sun Spider D
Sun Spider Manul
Sun Spider Prime
Sun Spider Vanguard
Firefly FFL-3A
Harvester Ant KIC-3M AgroMech (MG)
Harvester Ant KIC-3M-B AgroMech (LRM)
Powerman XI LoaderMech (Standard)
Mongoose MON-96
Glass Spider (Galahad) 4
Stinger C 2
Stinger C
Thresher Mk II (Standard)
Koshi (Mist Lynx) I
Koshi (Mist Lynx) J
Koshi (Mist Lynx) K
Koshi (Mist Lynx) L
Koshi (Mist Lynx) M
Koshi (Mist Lynx) N
Koshi (Mist Lynx) T
Atlas AS7-D(C)
Atlas AS7-A
Javelin JVN-10A
Thunderbolt TDR-5D
Wolverine WVR-6D
Zeus ZEU-6A
Templar III TLR2-J 'Arthur'
Nightstar NSR-9J (Holt)
Avatar AV1-OBLO
Doloire DLR-OBLO
Mad Cat (Timber Wolf) BLO
Templar TLR1-OBLO
Uller (Kit Fox) BLO
Vulture Mk III (Mad Dog Mk III) BLO
Grand Dragon DRG-1G (Emory)
Trebuchet TBT-5K
Carbine CON-7 ConstructionMech (Standard)
Carbine CON-8 ConstructionMech (Standard)
CattleMaster CTL-3R 'Herder' IndustrialMech
Copper SecurityMech CPK-19
Crosscut ED-X4B DemolitionMech
Crosscut ED-X4D DemolitionMech
Crosscut ED-X5M-B DemolitionMech MOD
Peacemaker PM-6 PoliceMech (Standard)
Pompier Firemech GM-3HT
Shugosha PTN-LAW LoaderMech
Uni ATAE-70 CargoMech (Standard)
Vampyr SC-V-1 SalvageMech (Standard)
Flea FLE-16
Loki (Hellbringer) M
Mad Cat (Timber Wolf) TC
Puma (Adder) TC
Ryoken (Stormcrow) Attwater
Ryoken (Stormcrow) TC
Marauder MAD-7D (Von Staskov)
Marshal MHL-6FR
Phoenix Hawk PXH-3D (Jiemin)
Surtur STR-6H
Jenner JR7-F (Smith)
Panther PNT-9ALAG
Vulcan VL-2T (Timms)
Warhammer WHM-6K (Olesko)
Talon TLN-5VNO
Aquagladius AQS-5 MAM
Carbine CON-9M-D ConstructionMech MOD
Crosscut IIC SolahmaMech
Daedalus DAD-DX
Gauss-Buster MilitiaMech
OmniMarauder MAD-BR-OA
OmniMarauder MAD-BR-O
Phoenix Hawk PXH-99
Porcupine PRC-3N
Scourge SCG-WX1
Uni ATAE-70 ArtilleryMech
Valkyrie VLK-QD5
Volkh VKH-68
Wasp WSP-3X
Ti Ts'ang TSG-9DDC 'Prototype'
Daimyo DMO-1K2 (Al-Shahab)
Archer ARC-1A
Orion ON1-C
Orion ON1-H
Trooper TP-1R
Pathfinder PFF-2T
Agrotera AGT-UA 'Ariel'
Buccaneer BCN-6PX 'Pan'
Calliope CAL-1MAFSW 'Snow White'
Celerity CLR-03OMM 'Rajah'
Clint IIC 2L 'Leia'
Ghost GST-10A 'Aurora'
Gunsmith CH11-NGC 'Cinderella'
Hitotsume Kozo HKZ-1FM 'Mulan'
Hunchback HBK-LGN-Pin 'Anastasia'
Hunchback HBK-LGN-Pin 'Drizella'
Phoenix Hawk PXH-7KJ 'Jasmine'
Tessen TSN-X4R 'Rapunzel'
Trebuchet TBT-7MM 'Merida'
Vulcan VT-5ML 'Aladdin'
Vulpes VLP-1DX 'Beast'
Watchman WTC-4MB 'Belle'
Wraith TR2-P 'Pocahontas'

--------------------------------------------------
3747 mtf files -> 3747 parsed files -> 3746 converted files -> 3745 validated mechs
